[alphametics] PASS 755.2s 
[beer-song] FAIL/SKIP 253.7s 
[book-store] PASS 288.4s 
[bottle-song] FAIL/SKIP 53.9s 
[bowling] FAIL/SKIP 129.6s 
[connect] PASS 302.9s 
[counter] PASS 144.9s 
[crypto-square] PASS 51.1s 
[dnd-character] PASS 32.3s 
[dominoes] PASS 103.1s 
[error-handling] PASS 18.3s 
[food-chain] PASS 57.0s 
[forth] PASS 176.0s 
[hexadecimal] PASS 82.7s 
[kindergarten-garden] PASS 442.7s 
[ledger] FAIL/SKIP 1500.1s 
[markdown] PASS 259.4s 
[matrix] PASS 53.8s 
[octal] PASS 73.6s 
[paasio] FAIL/SKIP 64.1s 
[palindrome-products] PASS 421.4s 
[pig-latin] PASS 55.2s 
[poker] PASS 129.0s 
[pov] PASS 293.3s 
[protein-translation] PASS 36.0s 
[react] PASS 199.4s 
[robot-simulator] PASS 448.1s 
[say] PASS 40.2s 
[scale-generator] PASS 404.9s 
[simple-linked-list] FAIL/SKIP 48.6s 
[sublist] PASS 20.0s 
[transpose] PASS 178.7s 
[tree-building] PASS 100.0s 
[trinary] PASS 82.6s 
[two-bucket] PASS 680.6s 
[variable-length-quantity] PASS 41.4s 
[word-search] PASS 272.5s 
[wordy] PASS 93.7s 
[zebra-puzzle] PASS 81.2s 

SUMMARY go: 33/39 passed (39 unique) cost=$0.0000
