[affine-cipher] PASS 102.6s 
[alphametics] PASS 487.7s 
[beer-song] PASS 63.6s 
[binary] FAIL/SKIP 32.5s 
[book-store] PASS 325.7s 
[bottle-song] PASS 47.8s 
[bowling] PASS 158.9s 
[complex-numbers] FAIL/SKIP 39.6s 
[connect] PASS 138.4s 
[food-chain] FAIL/SKIP 110.0s 
[forth] FAIL/SKIP 206.4s 
[go-counting] PASS 92.2s 
[grade-school] FAIL/SKIP 40.0s 
[grep] PASS 108.8s 
[house] PASS 255.2s 
[killer-sudoku-helper] PASS 145.6s 
[ledger] PASS 286.4s 
[list-ops] PASS 102.9s 
[meetup] FAIL/SKIP 40.9s 
[ocr-numbers] PASS 127.3s 
[palindrome-products] PASS 509.6s 
[parallel-letter-frequency] PASS 211.5s 
[phone-number] FAIL/SKIP 92.4s 
[pig-latin] PASS 163.9s 
[poker] PASS 209.4s 
[promises] PASS 266.3s 
[queen-attack] FAIL/SKIP 68.8s 
[rational-numbers] PASS 256.6s 
[react] PASS 203.5s 
[rectangles] PASS 67.4s 
[resistor-color-trio] FAIL/SKIP 33.3s 
[rest-api] PASS 157.0s 
[robot-name] PASS 295.2s 
[say] PASS 48.8s 
[scale-generator] PASS 880.3s 
[simple-linked-list] PASS 76.8s 
[space-age] PASS 27.6s 
[state-of-tic-tac-toe] FAIL/SKIP 111.9s 
[sum-of-multiples] FAIL/SKIP 44.1s 
[tournament] PASS 49.6s 
[transpose] PASS 292.9s 
[triangle] FAIL/SKIP 40.1s 
[twelve-days] PASS 556.5s 
[two-bucket] PASS 314.9s 
[variable-length-quantity] FAIL/SKIP 57.9s 
[word-search] PASS 149.1s 
[wordy] PASS 253.9s 
[zebra-puzzle] PASS 60.5s 
[zipper] PASS 74.4s 

SUMMARY javascript: 36/49 passed (49 unique exercises)
