[affine-cipher] PASS 114.8s 
[all-your-base] PASS 57.8s 
[alphametics] PASS 407.1s 
[bank-account] PASS 31.7s 
[book-store] FAIL/SKIP 1500.1s 
[bottle-song] PASS 107.0s 
[bowling] PASS 33.7s 
[change] PASS 27.1s 
[circular-buffer] FAIL/SKIP 24.1s 
[connect] PASS 90.0s 
[custom-set] PASS 49.1s 
[dominoes] PASS 48.6s 
[food-chain] PASS 138.5s 
[forth] PASS 155.0s 
[go-counting] PASS 103.0s 
[hangman] PASS 311.3s 
[house] PASS 37.3s 
[kindergarten-garden] PASS 27.6s 
[ledger] PASS 433.3s 
[mazy-mice] PASS 449.5s 
[ocr-numbers] PASS 63.4s 
[palindrome-products] PASS 29.3s 
[phone-number] PASS 33.9s 
[pig-latin] PASS 64.8s 
[poker] PASS 119.8s 
[pov] PASS 69.2s 
[protein-translation] PASS 14.9s 
[pythagorean-triplet] PASS 255.0s 
[queen-attack] PASS 22.8s 
[rational-numbers] PASS 224.7s 
[react] PASS 228.7s 
[resistor-color-trio] PASS 197.4s 
[rest-api] PASS 237.9s 
[satellite] PASS 63.2s 
[series] PASS 27.5s 
[sgf-parsing] PASS 234.9s 
[simple-linked-list] PASS 27.7s 
[state-of-tic-tac-toe] PASS 359.4s 
[transpose] PASS 273.9s 
[tree-building] PASS 160.9s 
[twelve-days] PASS 62.0s 
[two-bucket] PASS 355.2s 
[variable-length-quantity] PASS 150.0s 
[word-search] PASS 106.6s 
[wordy] PASS 49.0s 
[zebra-puzzle] PASS 103.2s 
[zipper] PASS 253.0s 

SUMMARY java: 45/47 passed (47 unique) cost=$0.0000
